com\mycompany\passwordmanager\gui\GeneratePasswordPanel$4.class
com\mycompany\passwordmanager\gui\PasswordManagerFrame$4.class
com\mycompany\passwordmanager\vo\types\IdenticalTitleType.class
com\mycompany\passwordmanager\gui\PasswordManagerFrame$24.class
com\mycompany\passwordmanager\gui\PasswordManagerFrame$44.class
com\mycompany\passwordmanager\gui\PasswordManagerFrame$11.class
com\mycompany\passwordmanager\gui\OptionsDialog$6.class
com\mycompany\passwordmanager\gui\PasswordManagerFrame$31.class
com\mycompany\passwordmanager\gui\LoginDialog$1.class
com\mycompany\passwordmanager\gui\RegisterDialog$4.class
com\mycompany\passwordmanager\gui\GeneratePasswordListPanel.class
com\mycompany\passwordmanager\bo\PasswordHasher.class
com\mycompany\passwordmanager\gui\PasswordManagerFrame$37.class
com\mycompany\passwordmanager\gui\PasswordDialog$4.class
com\mycompany\passwordmanager\gui\PasswordManagerFrame$17.class
com\mycompany\passwordmanager\gui\PasswordManagerFrame$49.class
com\mycompany\passwordmanager\gui\PasswordManagerFrame$16.class
com\mycompany\passwordmanager\gui\LoginDialog$6.class
com\mycompany\passwordmanager\gui\PasswordManagerFrame$43.class
com\mycompany\passwordmanager\fix\Constants.class
com\mycompany\passwordmanager\gui\PasswordManagerFrame.class
com\mycompany\passwordmanager\gui\OptionsDialog$5.class
com\mycompany\passwordmanager\gui\LoginDialog$7.class
com\mycompany\passwordmanager\gui\PasswordManagerFrame$32.class
com\mycompany\passwordmanager\vo\holder\PasswordManagerCrypted.class
com\mycompany\passwordmanager\bo\ProcessManager.class
com\mycompany\passwordmanager\vo\types\ButtonAppearanceType.class
com\mycompany\passwordmanager\gui\GeneratePasswordPanel.class
com\mycompany\passwordmanager\gui\OptionsDialog$10.class
com\mycompany\passwordmanager\gui\PasswordManagerFrame$8.class
com\mycompany\passwordmanager\gui\PasswordManagerFrame$40.class
com\mycompany\passwordmanager\gui\PasswordManagerFrame$28.class
com\mycompany\passwordmanager\gui\GeneratePasswordListPanel$3.class
com\mycompany\passwordmanager\gui\PasswordManagerFrame$38.class
com\mycompany\passwordmanager\gui\PasswordDialog$3.class
com\mycompany\passwordmanager\gui\RegisterDialog$5.class
com\mycompany\passwordmanager\gui\PasswordManagerFrame$10.class
com\mycompany\passwordmanager\gui\LoginDialog$2.class
com\mycompany\passwordmanager\gui\RegisterDialog$2.class
com\mycompany\passwordmanager\gui\PasswordManagerFrame$42.class
com\mycompany\passwordmanager\gui\LoginDialog$5.class
com\mycompany\passwordmanager\gui\LoginDialog$3.class
com\mycompany\passwordmanager\gui\PasswordManagerFrame$9.class
com\mycompany\passwordmanager\gui\PasswordManagerFrame$29.class
com\mycompany\passwordmanager\gui\PasswordDialog$1.class
com\mycompany\passwordmanager\gui\PasswordManagerFrame$36.class
com\mycompany\passwordmanager\gui\AboutDialog.class
com\mycompany\passwordmanager\gui\OptionsDialog$7.class
com\mycompany\passwordmanager\gui\PasswordManagerFrame$13.class
com\mycompany\passwordmanager\gui\RegisterDialog.class
com\mycompany\passwordmanager\gui\LoginDialog$4.class
com\mycompany\passwordmanager\bo\crypt\TextEncrypterAES.class
com\mycompany\passwordmanager\gui\PasswordDialog$2.class
com\mycompany\passwordmanager\vo\holder\PasswordManagerContent.class
com\mycompany\passwordmanager\gui\PasswordManagerFrame$41.class
com\mycompany\passwordmanager\gui\PasswordManagerFrame$35.class
com\mycompany\passwordmanager\gui\GeneratePasswordListPanel$4.class
com\mycompany\passwordmanager\gui\RegisterDialog$3.class
com\mycompany\passwordmanager\gui\PasswordManagerFrame$12.class
com\mycompany\passwordmanager\gui\OptionsDialog$8.class
com\mycompany\passwordmanager\gui\OptionsDialog$9.class
com\mycompany\passwordmanager\gui\PasswordManagerFrame$14.class
com\mycompany\passwordmanager\gui\PasswordManagerFrame$34.class
com\mycompany\passwordmanager\gui\RegisterDialog$1.class
com\mycompany\passwordmanager\gui\PasswordManagerFrame$1.class
com\mycompany\passwordmanager\gui\PasswordManagerFrame$21.class
com\mycompany\passwordmanager\util\OptionsManager.class
com\mycompany\passwordmanager\gui\OptionsDialog$3.class
com\mycompany\passwordmanager\vo\types\LookAndFeelType.class
com\mycompany\passwordmanager\vo\config\OptionsGeneralSingelton.class
com\mycompany\passwordmanager\gui\GeneratePasswordListPanel$2.class
com\mycompany\passwordmanager\vo\types\LanguageTyp.class
com\mycompany\passwordmanager\gui\PasswordManagerFrame$6.class
com\mycompany\passwordmanager\gui\GeneratePasswordPanel$2.class
com\mycompany\passwordmanager\gui\PasswordManagerFrame$39.class
com\mycompany\passwordmanager\gui\RegisterDialog$6.class
com\mycompany\passwordmanager\gui\LoginDialog.class
com\mycompany\passwordmanager\gui\PasswordManagerFrame$26.class
com\mycompany\passwordmanager\gui\PasswordManagerFrame$33.class
com\mycompany\passwordmanager\gui\OptionsDialog$4.class
com\mycompany\passwordmanager\gui\GeneratePasswordListPanel$1.class
com\mycompany\passwordmanager\vo\config\OptionsSpecificSingelton.class
com\mycompany\passwordmanager\gui\RegisterDialog$7.class
com\mycompany\passwordmanager\util\smart\SystemUtil.class
com\mycompany\passwordmanager\gui\PasswordManagerFrame$20.class
com\mycompany\passwordmanager\bo\PasswordGenerator.class
com\mycompany\passwordmanager\gui\PasswordManagerFrame$15.class
com\mycompany\passwordmanager\gui\GeneratePasswordPanel$1.class
com\mycompany\passwordmanager\gui\PasswordManagerFrame$27.class
com\mycompany\passwordmanager\run\RunPasswordManager.class
com\mycompany\passwordmanager\util\Appearance.class
com\mycompany\passwordmanager\gui\PasswordManagerFrame$7.class
com\mycompany\passwordmanager\gui\PasswordDialog.class
com\mycompany\passwordmanager\vo\holder\PasswordManagerWrapper.class
com\mycompany\passwordmanager\gui\OptionsDialog$2.class
com\mycompany\passwordmanager\gui\PasswordManagerFrame$18.class
com\mycompany\passwordmanager\gui\PasswordManagerFrame$30.class
com\mycompany\passwordmanager\gui\PasswordManagerFrame$48.class
com\mycompany\passwordmanager\gui\OptionsDialog.class
com\mycompany\passwordmanager\gui\GeneratePasswordPanel$3.class
com\mycompany\passwordmanager\gui\PasswordManagerFrame$25.class
com\mycompany\passwordmanager\gui\PasswordManagerFrame$45.class
com\mycompany\passwordmanager\gui\PasswordManagerFrame$5.class
com\mycompany\passwordmanager\vo\types\HashType.class
com\mycompany\passwordmanager\gui\PasswordManagerFrame$2.class
com\mycompany\passwordmanager\gui\PasswordManagerFrame$22.class
com\mycompany\passwordmanager\vo\types\GroupNotExistingType.class
com\mycompany\passwordmanager\gui\RegisterDialog$8.class
com\mycompany\passwordmanager\bo\crypt\TextEncrypter.class
com\mycompany\passwordmanager\gui\PasswordManagerFrame$19.class
com\mycompany\passwordmanager\gui\RegisterDialog$9.class
com\mycompany\passwordmanager\gui\OptionsDialog$1.class
com\mycompany\passwordmanager\gui\PasswordManagerFrame$46.class
com\mycompany\passwordmanager\gui\PasswordManagerFrame$3.class
com\mycompany\passwordmanager\gui\PasswordManagerFrame$23.class
com\mycompany\passwordmanager\util\smart\FileUtil.class
com\mycompany\passwordmanager\vo\holder\PasswordEntry.class
com\mycompany\passwordmanager\vo\types\EncryptionType.class
com\mycompany\passwordmanager\util\Appearance$1.class
com\mycompany\passwordmanager\gui\PasswordManagerFrame$47.class
