C:\Personal\30. USB Stick\7. Computer\Projects\PasswordManager\src\main\java\com\mycompany\passwordmanager\gui\GeneratePasswordPanel.java
C:\Personal\30. USB Stick\7. Computer\Projects\PasswordManager\src\main\java\com\mycompany\passwordmanager\gui\OptionsDialog.java
C:\Personal\30. USB Stick\7. Computer\Projects\PasswordManager\src\main\java\com\mycompany\passwordmanager\gui\GeneratePasswordListPanel.java
C:\Personal\30. USB Stick\7. Computer\Projects\PasswordManager\src\main\java\com\mycompany\passwordmanager\gui\RegisterDialog.java
C:\Personal\30. USB Stick\7. Computer\Projects\PasswordManager\src\main\java\com\mycompany\passwordmanager\bo\crypt\TextEncrypter.java
C:\Personal\30. USB Stick\7. Computer\Projects\PasswordManager\src\main\java\com\mycompany\passwordmanager\vo\holder\PasswordManagerCrypted.java
C:\Personal\30. USB Stick\7. Computer\Projects\PasswordManager\src\main\java\com\mycompany\passwordmanager\vo\types\HashType.java
C:\Personal\30. USB Stick\7. Computer\Projects\PasswordManager\src\main\java\com\mycompany\passwordmanager\vo\config\OptionsGeneralSingelton.java
C:\Personal\30. USB Stick\7. Computer\Projects\PasswordManager\src\main\java\com\mycompany\passwordmanager\gui\PasswordDialog.java
C:\Personal\30. USB Stick\7. Computer\Projects\PasswordManager\src\main\java\com\mycompany\passwordmanager\util\OptionsManager.java
C:\Personal\30. USB Stick\7. Computer\Projects\PasswordManager\src\main\java\com\mycompany\passwordmanager\util\smart\FileUtil.java
C:\Personal\30. USB Stick\7. Computer\Projects\PasswordManager\src\main\java\com\mycompany\passwordmanager\bo\PasswordGenerator.java
C:\Personal\30. USB Stick\7. Computer\Projects\PasswordManager\src\main\java\com\mycompany\passwordmanager\vo\types\EncryptionType.java
C:\Personal\30. USB Stick\7. Computer\Projects\PasswordManager\src\main\java\com\mycompany\passwordmanager\gui\PasswordManagerFrame.java
C:\Personal\30. USB Stick\7. Computer\Projects\PasswordManager\src\main\java\com\mycompany\passwordmanager\fix\Constants.java
C:\Personal\30. USB Stick\7. Computer\Projects\PasswordManager\src\main\java\com\mycompany\passwordmanager\vo\config\OptionsSpecificSingelton.java
C:\Personal\30. USB Stick\7. Computer\Projects\PasswordManager\src\main\java\com\mycompany\passwordmanager\vo\types\LanguageTyp.java
C:\Personal\30. USB Stick\7. Computer\Projects\PasswordManager\src\main\java\com\mycompany\passwordmanager\vo\types\IdenticalTitleType.java
C:\Personal\30. USB Stick\7. Computer\Projects\PasswordManager\src\main\java\com\mycompany\passwordmanager\gui\AboutDialog.java
C:\Personal\30. USB Stick\7. Computer\Projects\PasswordManager\src\main\java\com\mycompany\passwordmanager\vo\holder\PasswordManagerWrapper.java
C:\Personal\30. USB Stick\7. Computer\Projects\PasswordManager\src\main\java\com\mycompany\passwordmanager\gui\LoginDialog.java
C:\Personal\30. USB Stick\7. Computer\Projects\PasswordManager\src\main\java\com\mycompany\passwordmanager\vo\holder\PasswordManagerContent.java
C:\Personal\30. USB Stick\7. Computer\Projects\PasswordManager\src\main\java\com\mycompany\passwordmanager\vo\holder\PasswordEntry.java
C:\Personal\30. USB Stick\7. Computer\Projects\PasswordManager\src\main\java\com\mycompany\passwordmanager\run\RunPasswordManager.java
C:\Personal\30. USB Stick\7. Computer\Projects\PasswordManager\src\main\java\com\mycompany\passwordmanager\util\smart\SystemUtil.java
C:\Personal\30. USB Stick\7. Computer\Projects\PasswordManager\src\main\java\com\mycompany\passwordmanager\vo\types\LookAndFeelType.java
C:\Personal\30. USB Stick\7. Computer\Projects\PasswordManager\src\main\java\com\mycompany\passwordmanager\vo\types\GroupNotExistingType.java
C:\Personal\30. USB Stick\7. Computer\Projects\PasswordManager\src\main\java\com\mycompany\passwordmanager\bo\crypt\TextEncrypterAES.java
C:\Personal\30. USB Stick\7. Computer\Projects\PasswordManager\src\main\java\com\mycompany\passwordmanager\bo\ProcessManager.java
C:\Personal\30. USB Stick\7. Computer\Projects\PasswordManager\src\main\java\com\mycompany\passwordmanager\vo\types\ButtonAppearanceType.java
C:\Personal\30. USB Stick\7. Computer\Projects\PasswordManager\src\main\java\com\mycompany\passwordmanager\bo\PasswordHasher.java
C:\Personal\30. USB Stick\7. Computer\Projects\PasswordManager\src\main\java\com\mycompany\passwordmanager\util\Appearance.java
